customEvent:face_count | deviceCategory | eventCount
1472690 | desktop | 24
703406 | desktop | 23
463942 | desktop | 11
263762 | desktop | 9
7870 | desktop | 9
118221 | desktop | 8
2194 | desktop | 8
463963 | desktop | 8
136199 | desktop | 7
1420041 | mobile | 7
25204 | desktop | 7
308172 | desktop | 7
51853 | desktop | 7
1054088 | desktop | 6
1372116 | desktop | 6
1499994 | desktop | 6
1861324 | desktop | 6
190654 | mobile | 6
518059 | desktop | 6
523918 | desktop | 6
57571 | desktop | 6
703584 | desktop | 6
79238 | desktop | 6
83244 | desktop | 6
8940 | desktop | 6
124636 | desktop | 5
15101 | desktop | 5
1677207 | desktop | 5
1896760 | desktop | 5
1968890 | desktop | 5
2044144 | desktop | 5
494521 | desktop | 5
500014 | desktop | 5
515446 | desktop | 5
525023 | desktop | 5
540791 | desktop | 5
638969 | desktop | 5
76232 | desktop | 5
85237 | desktop | 5
870852 | desktop | 5
90495 | desktop | 5
108 | desktop | 4
1108118 | desktop | 4
111782 | desktop | 4
1329946 | mobile | 4
135409 | desktop | 4
1378139 | desktop | 4
1459696 | mobile | 4
1683428 | desktop | 4
1878104 | desktop | 4
192 | desktop | 4
1942617 | desktop | 4
1989396 | mobile | 4
1991984 | desktop | 4
244294 | desktop | 4
24648 | desktop | 4
262863 | desktop | 4
272063 | desktop | 4
3428 | desktop | 4
358502 | desktop | 4
3599 | desktop | 4
36051 | desktop | 4
429540 | desktop | 4
471906 | desktop | 4
47684 | desktop | 4
479469 | desktop | 4
48762 | desktop | 4
499254 | desktop | 4
506788 | desktop | 4
52778 | desktop | 4
548346 | desktop | 4
681250 | desktop | 4
878333 | desktop | 4
88922 | desktop | 4
1000042 | mobile | 3
101539 | desktop | 3
1033854 | desktop | 3
108968 | desktop | 3
1098594 | desktop | 3
1101613 | desktop | 3
1172586 | desktop | 3
11749 | desktop | 3
11835 | desktop | 3
120478 | desktop | 3
13625 | desktop | 3
1390607 | desktop | 3
1396847 | desktop | 3
1454138 | desktop | 3
1455718 | desktop | 3
1460845 | desktop | 3
1492337 | desktop | 3
1499624 | desktop | 3
1499734 | desktop | 3
1499974 | desktop | 3
15009 | mobile | 3
15024 | desktop | 3
154122 | desktop | 3
157125 | desktop | 3
15798 | desktop | 3
17314 | mobile | 3
17520 | desktop | 3
1796714 | mobile | 3
1800186 | desktop | 3
1860366 | desktop | 3
18687 | desktop | 3
187869 | mobile | 3
1880561 | desktop | 3
1896806 | desktop | 3
190444 | desktop | 3
1974158 | desktop | 3
1985030 | desktop | 3
19904 | mobile | 3
2000000 | desktop | 3
20908 | desktop | 3
213400 | desktop | 3
221442 | desktop | 3
227844 | mobile | 3
239195 | desktop | 3
240674 | desktop | 3
2442 | desktop | 3
25543 | desktop | 3
259637 | desktop | 3
259774 | desktop | 3
2702 | desktop | 3
303782 | mobile | 3
31500 | desktop | 3
31720 | desktop | 3
349918 | desktop | 3
392386 | desktop | 3
39637 | desktop | 3
4188 | desktop | 3
430785 | desktop | 3
438353 | desktop | 3
45493 | desktop | 3
45783 | desktop | 3
46206 | desktop | 3
463658 | desktop | 3
48757 | desktop | 3
499672 | desktop | 3
50000 | desktop | 3
528026 | desktop | 3
55268 | desktop | 3
590000 | desktop | 3
613330 | mobile | 3
6906 | desktop | 3
692 | desktop | 3
709458 | desktop | 3
71493 | desktop | 3
722 | desktop | 3
776060 | desktop | 3
806775 | desktop | 3
8192 | desktop | 3
84327 | desktop | 3
8446 | desktop | 3
873969 | desktop | 3
9010 | desktop | 3
90239 | desktop | 3
9600 | desktop | 3
971566 | desktop | 3
990780 | desktop | 3
9912 | desktop | 3
997973 | desktop | 3
10000 | desktop | 2
101160 | desktop | 2
1033930 | desktop | 2
103418 | desktop | 2
1036 | desktop | 2
10404 | desktop | 2
104200 | desktop | 2
105569 | desktop | 2
105686 | desktop | 2
1060188 | desktop | 2
1075057 | desktop | 2
10775 | desktop | 2
107774 | desktop | 2
10884 | desktop | 2
108963 | desktop | 2
1095993 | desktop | 2
1100039 | desktop | 2
1111366 | desktop | 2
1111456 | desktop | 2
1113250 | desktop | 2
113181 | desktop | 2
114162 | desktop | 2
11423 | desktop | 2
114624 | desktop | 2
115186 | desktop | 2
115266 | desktop | 2
1162009 | desktop | 2
1163596 | desktop | 2
11646 | desktop | 2
1166 | desktop | 2
1172743 | desktop | 2
117558 | desktop | 2
1196212 | desktop | 2
1196236 | desktop | 2
119844 | desktop | 2
12 | desktop | 2
1212 | desktop | 2
1241394 | desktop | 2
125112 | desktop | 2
1266498 | desktop | 2
126831 | desktop | 2
127 | desktop | 2
1282106 | desktop | 2
129446 | desktop | 2
12955 | desktop | 2
130125 | desktop | 2
1319690 | desktop | 2
1328436 | desktop | 2
13424 | desktop | 2
1360 | desktop | 2
1372392 | desktop | 2
13736 | desktop | 2
137632 | desktop | 2
1395320 | desktop | 2
141790 | desktop | 2
1434996 | desktop | 2
1453461 | desktop | 2
1456 | desktop | 2
1465091 | desktop | 2
14714 | desktop | 2
1472694 | desktop | 2
14839 | desktop | 2
1499990 | desktop | 2
1499996 | desktop | 2
1500032 | desktop | 2
1500058 | desktop | 2
1500062 | desktop | 2
1520786 | desktop | 2
1531415 | desktop | 2
1536296 | desktop | 2
153869 | desktop | 2
1567437 | desktop | 2
157015 | desktop | 2
1590560 | desktop | 2
16044 | desktop | 2
16100 | desktop | 2
16314 | desktop | 2
1635263 | desktop | 2
163888 | desktop | 2
1687924 | desktop | 2
171201 | desktop | 2
17390 | desktop | 2
174323 | desktop | 2
174782 | desktop | 2
178167 | desktop | 2
178819 | desktop | 2
183260 | desktop | 2
184803 | desktop | 2
186250 | desktop | 2
1864345 | desktop | 2
186668 | desktop | 2
1890810 | desktop | 2
189187 | mobile | 2
189640 | mobile | 2
1900748 | desktop | 2
1912564 | mobile | 2
19177 | desktop | 2
1919218 | desktop | 2
1932612 | desktop | 2
1937816 | desktop | 2
194221 | mobile | 2
1950763 | desktop | 2
1961608 | mobile | 2
1965501 | desktop | 2
1968488 | desktop | 2
1970480 | desktop | 2
1970577 | desktop | 2
1986902 | desktop | 2
199723 | desktop | 2
1998188 | desktop | 2
2060398 | desktop | 2
2069540 | desktop | 2
207676 | desktop | 2
20889 | desktop | 2
20952 | desktop | 2
21162 | desktop | 2
212512 | desktop | 2
216807 | desktop | 2
218936 | desktop | 2
224512 | desktop | 2
22464 | desktop | 2
2348 | desktop | 2
24464 | desktop | 2
24560 | desktop | 2
24562 | desktop | 2
24672 | desktop | 2
250000 | desktop | 2
25744 | desktop | 2
264527 | mobile | 2
267235 | desktop | 2
267242 | desktop | 2
2728 | desktop | 2
274363 | desktop | 2
277878 | desktop | 2
283005 | desktop | 2
3033 | desktop | 2
30964 | desktop | 2
31137 | desktop | 2
311664 | desktop | 2
31791 | desktop | 2
3228 | desktop | 2
32632 | desktop | 2
346000 | desktop | 2
351062 | desktop | 2
35562 | desktop | 2
356383 | desktop | 2
357496 | desktop | 2
3597 | desktop | 2
362569 | desktop | 2
362909 | mobile | 2
365308 | mobile | 2
367048 | desktop | 2
36741 | desktop | 2
367527 | desktop | 2
371150 | desktop | 2
374723 | desktop | 2
378920 | desktop | 2
3824 | desktop | 2
38246 | desktop | 2
388316 | desktop | 2
3888 | desktop | 2
397579 | desktop | 2
401808 | desktop | 2
40300 | desktop | 2
40612 | desktop | 2
406248 | desktop | 2
406793 | desktop | 2
412899 | desktop | 2
412981 | desktop | 2
420879 | desktop | 2
427218 | desktop | 2
431 | desktop | 2
43315 | desktop | 2
44154 | desktop | 2
44286 | desktop | 2
44691 | desktop | 2
456368 | desktop | 2
45952 | mobile | 2
462013 | desktop | 2
462608 | desktop | 2
466183 | desktop | 2
471852 | desktop | 2
4746 | desktop | 2
47788 | desktop | 2
478008 | desktop | 2
486794 | desktop | 2
490352 | desktop | 2
497208 | desktop | 2
498056 | desktop | 2
499986 | desktop | 2
500000 | desktop | 2
515839 | desktop | 2
516552 | desktop | 2
517405 | desktop | 2
52122 | desktop | 2
521794 | desktop | 2
522 | desktop | 2
52579 | mobile | 2
53110 | mobile | 2
558 | desktop | 2
560 | desktop | 2
5694 | desktop | 2
582499 | desktop | 2
588867 | desktop | 2
589922 | desktop | 2
592 | desktop | 2
5940 | desktop | 2
59409 | desktop | 2
594767 | desktop | 2
59577 | desktop | 2
604175 | desktop | 2
608021 | desktop | 2
6131 | desktop | 2
61372 | desktop | 2
615705 | desktop | 2
632764 | desktop | 2
6340 | desktop | 2
63919 | desktop | 2
641745 | desktop | 2
644004 | desktop | 2
64654 | desktop | 2
6507 | desktop | 2
652695 | mobile | 2
65901 | desktop | 2
659844 | desktop | 2
660216 | desktop | 2
660601 | desktop | 2
663 | desktop | 2
67840 | desktop | 2
681245 | desktop | 2
681248 | desktop | 2
6986 | desktop | 2
700206 | desktop | 2
7006 | desktop | 2
704694 | desktop | 2
704738 | desktop | 2
709724 | desktop | 2
723412 | desktop | 2
724643 | desktop | 2
7357 | desktop | 2
739464 | desktop | 2
745029 | desktop | 2
759912 | desktop | 2
760059 | desktop | 2
760508 | desktop | 2
769729 | desktop | 2
7751 | desktop | 2
7770 | desktop | 2
784770 | desktop | 2
802484 | desktop | 2
80534 | desktop | 2
819496 | desktop | 2
83036 | desktop | 2
845281 | desktop | 2
84610 | desktop | 2
849960 | desktop | 2
852079 | desktop | 2
85373 | desktop | 2
86050 | desktop | 2
868 | desktop | 2
875326 | desktop | 2
883190 | desktop | 2
89092 | desktop | 2
89289 | desktop | 2
89343 | desktop | 2
897868 | desktop | 2
90014 | desktop | 2
906826 | desktop | 2
912036 | desktop | 2
917515 | desktop | 2
9216 | desktop | 2
936 | desktop | 2
943264 | desktop | 2
94354 | desktop | 2
947854 | desktop | 2
950636 | desktop | 2
95121 | desktop | 2
958100 | desktop | 2
961402 | desktop | 2
96333 | desktop | 2
96334 | desktop | 2
966055 | desktop | 2
9813 | desktop | 2
10 | desktop | 1
1000 | desktop | 1
1000000 | desktop | 1
1000092 | desktop | 1
1000226 | desktop | 1
1001102 | desktop | 1
1001205 | desktop | 1
1002660 | desktop | 1
1003196 | desktop | 1
1004 | desktop | 1
100492 | desktop | 1
1005264 | desktop | 1
1007808 | desktop | 1
1008 | desktop | 1
10080 | desktop | 1
1008728 | desktop | 1
1009304 | desktop | 1
101381 | desktop | 1
10146 | desktop | 1
10156 | desktop | 1
10162 | desktop | 1
101697 | desktop | 1
1018432 | desktop | 1
10196 | desktop | 1
102 | desktop | 1
10253 | desktop | 1
1026 | desktop | 1
102616 | desktop | 1
1026411 | desktop | 1
1026552 | desktop | 1
102672 | desktop | 1
103008 | tablet | 1
103014 | desktop | 1
1033853 | desktop | 1
1033927 | desktop | 1
1033939 | desktop | 1
103613 | desktop | 1
103706 | desktop | 1
103725 | desktop | 1
103739 | desktop | 1
103750 | desktop | 1
103955 | desktop | 1
10400 | desktop | 1
104022 | desktop | 1
1041633 | mobile | 1
10434 | mobile | 1
10436 | desktop | 1
1045580 | desktop | 1
104717 | desktop | 1
1049100 | desktop | 1
104960 | desktop | 1
1050800 | desktop | 1
1052517 | desktop | 1
10566 | desktop | 1
1060148 | desktop | 1
1061340 | desktop | 1
10632 | desktop | 1
1063914 | desktop | 1
1064435 | desktop | 1
1065 | desktop | 1
1065455 | desktop | 1
106576 | desktop | 1
106655 | desktop | 1
10670 | desktop | 1
106869 | desktop | 1
107560 | desktop | 1
1078 | desktop | 1
1080 | desktop | 1
1081813 | desktop | 1
10834 | desktop | 1
10840 | desktop | 1
108492 | desktop | 1
1087394 | desktop | 1
108795 | desktop | 1
108981 | desktop | 1
108998 | desktop | 1
1091 | desktop | 1
1092642 | desktop | 1
1093 | desktop | 1
109422 | desktop | 1
1095322 | desktop | 1
1096 | desktop | 1
10962 | desktop | 1
1096621 | desktop | 1
1096741 | desktop | 1
1099415 | desktop | 1
10998 | desktop | 1
1101595 | desktop | 1
11058 | desktop | 1
1106206 | desktop | 1
110694 | desktop | 1
110861 | desktop | 1
1109514 | desktop | 1
1111412 | desktop | 1
1112645 | desktop | 1
1117158 | desktop | 1
1118668 | desktop | 1
1119 | desktop | 1
1124 | desktop | 1
1124766 | desktop | 1
1124916 | desktop | 1
1125000 | desktop | 1
1125154 | desktop | 1
112672 | desktop | 1
112679 | desktop | 1
112807 | desktop | 1
113119 | desktop | 1
11316 | desktop | 1
1132894 | desktop | 1
1135610 | desktop | 1
1135707 | desktop | 1
1138352 | desktop | 1
11396 | desktop | 1
114 | desktop | 1
1141739 | mobile | 1
11432 | desktop | 1
1143264 | desktop | 1
11451 | mobile | 1
11462 | desktop | 1
114792 | desktop | 1
11488 | desktop | 1
1150178 | desktop | 1
1150678 | desktop | 1
11518 | desktop | 1
1152 | desktop | 1
1153464 | desktop | 1
1154594 | desktop | 1
1154987 | desktop | 1
115573 | desktop | 1
11568 | desktop | 1
115690 | desktop | 1
1164 | desktop | 1
1165494 | desktop | 1
11658 | desktop | 1
1166003 | desktop | 1
1166700 | desktop | 1
1168361 | desktop | 1
11738 | desktop | 1
117564 | desktop | 1
1175804 | desktop | 1
117583 | desktop | 1
11794 | desktop | 1
1184 | desktop | 1
1184067 | desktop | 1
118462 | desktop | 1
1186357 | desktop | 1
1194 | desktop | 1
1196030 | desktop | 1
119939 | desktop | 1
11996 | desktop | 1
1199832 | desktop | 1
1200 | desktop | 1
120000 | desktop | 1
120024 | desktop | 1
12018 | mobile | 1
1211904 | desktop | 1
1212 | mobile | 1
121261 | desktop | 1
1214785 | desktop | 1
1217402 | desktop | 1
12189 | desktop | 1
12196 | desktop | 1
1221865 | desktop | 1
1222405 | desktop | 1
122296 | desktop | 1
1224602 | desktop | 1
1226 | desktop | 1
122719 | desktop | 1
1228766 | desktop | 1
1231062 | desktop | 1
12380 | desktop | 1
12388 | desktop | 1
1239249 | desktop | 1
1239957 | desktop | 1
124 | desktop | 1
1240325 | desktop | 1
1241 | desktop | 1
124134 | desktop | 1
1244674 | desktop | 1
1244854 | mobile | 1
124648 | desktop | 1
124832 | desktop | 1
125334 | desktop | 1
12538 | desktop | 1
1257432 | desktop | 1
1258560 | desktop | 1
1258566 | desktop | 1
125968 | desktop | 1
12613 | desktop | 1
126480 | mobile | 1
126488 | desktop | 1
12661 | desktop | 1
128147 | desktop | 1
12815 | desktop | 1
1281720 | desktop | 1
1282 | desktop | 1
128435 | desktop | 1
1286390 | desktop | 1
1287275 | desktop | 1
12920 | mobile | 1
12924 | mobile | 1
12959 | desktop | 1
129640 | desktop | 1
12982 | desktop | 1
1312 | desktop | 1
13142 | desktop | 1
1314561 | desktop | 1
1316234 | desktop | 1
13184 | desktop | 1
1319385 | desktop | 1
1319452 | desktop | 1
1325008 | desktop | 1
13259 | desktop | 1
1332 | desktop | 1
1332812 | desktop | 1
13329 | desktop | 1
1335 | desktop | 1
133515 | desktop | 1
13375 | desktop | 1
134 | desktop | 1
1343373 | desktop | 1
13446 | desktop | 1
13470 | desktop | 1
13473 | desktop | 1
134760 | desktop | 1
1353 | desktop | 1
135481 | desktop | 1
1356276 | desktop | 1
1356759 | desktop | 1
135922 | desktop | 1
1359768 | desktop | 1
136465 | desktop | 1
136731 | desktop | 1
13692 | desktop | 1
137304 | desktop | 1
1375234 | desktop | 1
1375319 | desktop | 1
1379876 | desktop | 1
1380241 | desktop | 1
138434 | desktop | 1
1388 | desktop | 1
138896 | desktop | 1
1389977 | desktop | 1
1390608 | desktop | 1
1392686 | desktop | 1
139490 | desktop | 1
139531 | desktop | 1
1396 | desktop | 1
1400578 | desktop | 1
1401984 | desktop | 1
1404 | desktop | 1
1404134 | desktop | 1
1404165 | desktop | 1
140423 | desktop | 1
1409684 | desktop | 1
141077 | desktop | 1
141516 | mobile | 1
1416781 | desktop | 1
14172 | desktop | 1
1417990 | desktop | 1
1419 | desktop | 1
1419091 | desktop | 1
14208 | desktop | 1
1420987 | desktop | 1
1420994 | desktop | 1
1422608 | desktop | 1
1429391 | desktop | 1
142945 | desktop | 1
1430 | desktop | 1
14300 | desktop | 1
1431266 | desktop | 1
1435404 | desktop | 1
1436424 | desktop | 1
1437317 | desktop | 1
1440661 | desktop | 1
1440664 | desktop | 1
1442 | desktop | 1
14420 | desktop | 1
1444704 | desktop | 1
1444934 | desktop | 1
1445346 | desktop | 1
144553 | desktop | 1
144567 | desktop | 1
144748 | desktop | 1
1447556 | desktop | 1
1448016 | desktop | 1
1448628 | desktop | 1
145074 | mobile | 1
1451336 | desktop | 1
145401 | desktop | 1
14567 | desktop | 1
1456892 | desktop | 1
1456990 | desktop | 1
145867 | desktop | 1
1460317 | desktop | 1
146686 | desktop | 1
1467544 | desktop | 1
146918 | desktop | 1
14708 | desktop | 1
14712 | desktop | 1
1472032 | desktop | 1
1472690 | mobile | 1
1472983 | desktop | 1
1473734 | desktop | 1
1477 | desktop | 1
1477826 | desktop | 1
147789 | desktop | 1
147839 | desktop | 1
1483014 | desktop | 1
14834 | desktop | 1
14835 | desktop | 1
14837 | desktop | 1
148776 | desktop | 1
1490012 | desktop | 1
1490016 | desktop | 1
1490246 | desktop | 1
1490360 | desktop | 1
1495246 | desktop | 1
1495248 | desktop | 1
1495372 | desktop | 1
1495502 | desktop | 1
149555 | desktop | 1
149576 | desktop | 1
1496242 | desktop | 1
1497642 | desktop | 1
1498474 | desktop | 1
1498508 | desktop | 1
1498732 | desktop | 1
1498872 | desktop | 1
1498982 | desktop | 1
1499170 | desktop | 1
1499202 | desktop | 1
1499280 | desktop | 1
1499360 | desktop | 1
1499480 | desktop | 1
1499504 | desktop | 1
1499506 | desktop | 1
1499557 | desktop | 1
1499590 | desktop | 1
1499678 | desktop | 1
1499686 | desktop | 1
1499716 | desktop | 1
1499754 | desktop | 1
1499762 | desktop | 1
1499888 | desktop | 1
1499924 | desktop | 1
1499954 | mobile | 1
1499956 | desktop | 1
1499964 | desktop | 1
1499978 | desktop | 1
1499987 | desktop | 1
150 | desktop | 1
1500000 | desktop | 1
1500012 | desktop | 1
1500028 | desktop | 1
1500080 | desktop | 1
1500116 | desktop | 1
1500298 | desktop | 1
15022 | desktop | 1
150502 | desktop | 1
1505323 | desktop | 1
15080 | desktop | 1
15095 | desktop | 1
150970 | desktop | 1
151168 | desktop | 1
1514 | desktop | 1
15208 | desktop | 1
1522 | desktop | 1
152256 | desktop | 1
152580 | desktop | 1
1526540 | desktop | 1
152766 | desktop | 1
152827 | desktop | 1
153684 | desktop | 1
1537984 | desktop | 1
153998 | desktop | 1
154128 | desktop | 1
154568 | desktop | 1
1546921 | desktop | 1
15475 | desktop | 1
1548734 | desktop | 1
15520 | desktop | 1
155365 | desktop | 1
1554 | desktop | 1
15540 | desktop | 1
15552 | desktop | 1
15594 | desktop | 1
155994 | desktop | 1
1561240 | desktop | 1
156398 | desktop | 1
15641 | desktop | 1
15644 | desktop | 1
1565 | desktop | 1
15700 | desktop | 1
157244 | desktop | 1
157424 | desktop | 1
1574427 | desktop | 1
157545 | desktop | 1
158468 | desktop | 1
1585492 | desktop | 1
15863 | desktop | 1
15866 | desktop | 1
158978 | desktop | 1
15924 | desktop | 1
1599018 | desktop | 1
1600320 | desktop | 1
1600322 | desktop | 1
1602 | desktop | 1
1614067 | mobile | 1
16142 | desktop | 1
161471 | desktop | 1
1615316 | desktop | 1
16160 | desktop | 1
1616170 | desktop | 1
1617784 | desktop | 1
164012 | desktop | 1
164436 | desktop | 1
164492 | desktop | 1
1646332 | desktop | 1
1651572 | desktop | 1
165174 | desktop | 1
1660286 | desktop | 1
166658 | desktop | 1
1667094 | desktop | 1
1667573 | desktop | 1
167239 | desktop | 1
167712 | desktop | 1
1677233 | desktop | 1
16775 | desktop | 1
167833 | desktop | 1
167909 | desktop | 1
168328 | desktop | 1
168513 | desktop | 1
168824 | mobile | 1
1693392 | mobile | 1
1699596 | desktop | 1
1700502 | desktop | 1
17032 | desktop | 1
1706253 | desktop | 1
17068 | desktop | 1
171169 | desktop | 1
1713707 | desktop | 1
171406 | desktop | 1
1715083 | desktop | 1
171538 | desktop | 1
17233 | desktop | 1
173552 | desktop | 1
174523 | desktop | 1
17482 | desktop | 1
175388 | desktop | 1
1755640 | desktop | 1
1757305 | desktop | 1
175773 | desktop | 1
17578 | desktop | 1
176 | mobile | 1
1760 | desktop | 1
176124 | desktop | 1
17614 | desktop | 1
1764 | desktop | 1
1765978 | desktop | 1
1766037 | desktop | 1
176627 | desktop | 1
1766380 | desktop | 1
17678 | desktop | 1
17768 | desktop | 1
178876 | desktop | 1
17902 | desktop | 1
1793203 | desktop | 1
17936 | desktop | 1
1793736 | desktop | 1
1794134 | desktop | 1
1796 | mobile | 1
1796712 | mobile | 1
179704 | desktop | 1
1800 | desktop | 1
180041 | desktop | 1
180130 | desktop | 1
18018 | mobile | 1
1807328 | desktop | 1
1808262 | desktop | 1
1808391 | desktop | 1
180992 | desktop | 1
181209 | desktop | 1
181213 | desktop | 1
181309 | desktop | 1
1815496 | desktop | 1
1816 | desktop | 1
18166 | desktop | 1
181945 | desktop | 1
182449 | desktop | 1
1825186 | desktop | 1
182734 | desktop | 1
1830088 | desktop | 1
18302 | desktop | 1
183271 | desktop | 1
1832897 | desktop | 1
183386 | desktop | 1
183562 | desktop | 1
1835693 | desktop | 1
18364 | desktop | 1
184307 | desktop | 1
184972 | desktop | 1
1851324 | desktop | 1
1852950 | desktop | 1
1853044 | desktop | 1
185581 | desktop | 1
1857012 | desktop | 1
1860351 | desktop | 1
1860354 | desktop | 1
1861298 | desktop | 1
1863721 | desktop | 1
1865272 | desktop | 1
18657 | desktop | 1
186692 | desktop | 1
186779 | desktop | 1
186935 | desktop | 1
187051 | desktop | 1
1870874 | desktop | 1
1871565 | desktop | 1
1874665 | desktop | 1
1876537 | desktop | 1
187778 | desktop | 1
18791 | desktop | 1
188 | mobile | 1
1880938 | desktop | 1
1883088 | desktop | 1
1883714 | desktop | 1
1884 | desktop | 1
1886 | desktop | 1
18869 | desktop | 1
188952 | desktop | 1
18898 | mobile | 1
1890354 | desktop | 1
1890634 | desktop | 1
189179 | desktop | 1
1894675 | desktop | 1
1896401 | desktop | 1
189671 | desktop | 1
1896808 | desktop | 1
1897078 | desktop | 1
1898813 | desktop | 1
19008 | desktop | 1
1901000 | desktop | 1
1901921 | desktop | 1
1902346 | desktop | 1
190478 | desktop | 1
1905866 | desktop | 1
19062 | desktop | 1
19065 | desktop | 1
19069 | desktop | 1
1907916 | desktop | 1
190910 | desktop | 1
1910102 | desktop | 1
1910181 | desktop | 1
1910252 | desktop | 1
19120 | desktop | 1
1912779 | desktop | 1
1914448 | mobile | 1
1915620 | desktop | 1
1916573 | desktop | 1
1917033 | desktop | 1
1917578 | desktop | 1
1917636 | desktop | 1
1919244 | desktop | 1
1919292 | desktop | 1
1919306 | desktop | 1
1919308 | desktop | 1
1919319 | desktop | 1
1922095 | desktop | 1
192364 | desktop | 1
1923738 | desktop | 1
192426 | mobile | 1
192446 | desktop | 1
192581 | desktop | 1
1926444 | desktop | 1
1926674 | desktop | 1
19272 | desktop | 1
19304 | desktop | 1
193119 | desktop | 1
1931342 | desktop | 1
1931352 | desktop | 1
1932773 | desktop | 1
1935070 | desktop | 1
1935990 | desktop | 1
1936002 | desktop | 1
1937589 | desktop | 1
1938131 | desktop | 1
1939054 | desktop | 1
1939528 | desktop | 1
1939529 | desktop | 1
194059 | desktop | 1
1940615 | desktop | 1
1941526 | desktop | 1
19425 | desktop | 1
1942618 | desktop | 1
1944535 | desktop | 1
1945247 | desktop | 1
1945479 | desktop | 1
1946406 | desktop | 1
194714 | desktop | 1
1947948 | desktop | 1
1948 | desktop | 1
1948690 | desktop | 1
1948769 | desktop | 1
1948935 | desktop | 1
1949066 | desktop | 1
19494 | desktop | 1
19496 | desktop | 1
1949948 | desktop | 1
1950135 | desktop | 1
1951216 | desktop | 1
1951610 | desktop | 1
1952487 | desktop | 1
1952724 | mobile | 1
1954657 | desktop | 1
1954881 | desktop | 1
1954969 | desktop | 1
1955319 | desktop | 1
1956136 | desktop | 1
1957052 | desktop | 1
195918 | desktop | 1
1959638 | desktop | 1
196 | desktop | 1
1960004 | desktop | 1
1960968 | desktop | 1
196157 | desktop | 1
196212 | desktop | 1
19626 | desktop | 1
1963328 | desktop | 1
1963696 | desktop | 1
1963853 | desktop | 1
196401 | desktop | 1
1964863 | desktop | 1
1967799 | desktop | 1
1967839 | desktop | 1
1970450 | desktop | 1
1970604 | desktop | 1
1970680 | desktop | 1
1971730 | desktop | 1
1971941 | desktop | 1
1972426 | desktop | 1
1972430 | desktop | 1
197303 | desktop | 1
1973216 | desktop | 1
1974179 | desktop | 1
1974184 | desktop | 1
19749 | desktop | 1
1975591 | desktop | 1
19757 | desktop | 1
1976954 | desktop | 1
197755 | desktop | 1
1980624 | desktop | 1
1982088 | desktop | 1
1982586 | desktop | 1
198343 | desktop | 1
1984026 | desktop | 1
1985478 | desktop | 1
19863 | desktop | 1
198634 | mobile | 1
1986653 | desktop | 1
1987110 | desktop | 1
1987134 | desktop | 1
1987404 | desktop | 1
1988001 | desktop | 1
1988785 | desktop | 1
1989758 | desktop | 1
1992140 | desktop | 1
1993980 | desktop | 1
1996750 | desktop | 1
1999178 | desktop | 1
1999218 | desktop | 1
1999536 | desktop | 1
1999560 | desktop | 1
1999959 | desktop | 1
1999966 | desktop | 1
1999996 | desktop | 1
200 | desktop | 1
200052 | desktop | 1
2002 | desktop | 1
200242 | desktop | 1
200406 | desktop | 1
2006 | desktop | 1
2006582 | desktop | 1
201049 | desktop | 1
20113 | desktop | 1
20124 | desktop | 1
2016346 | desktop | 1
2016541 | desktop | 1
2018 | desktop | 1
2021696 | desktop | 1
2024108 | desktop | 1
2024702 | desktop | 1
202657 | desktop | 1
2027430 | desktop | 1
202766 | desktop | 1
2027702 | desktop | 1
202781 | desktop | 1
202889 | desktop | 1
203342 | desktop | 1
204 | desktop | 1
2048 | desktop | 1
204996 | desktop | 1
2050661 | desktop | 1
205612 | desktop | 1
2059913 | desktop | 1
206110 | mobile | 1
2067948 | desktop | 1
2069 | desktop | 1
2069249 | desktop | 1
206956 | desktop | 1
2077231 | desktop | 1
2077845 | desktop | 1
20796 | desktop | 1
208072 | desktop | 1
208136 | desktop | 1
2084796 | desktop | 1
2091 | desktop | 1
209243 | desktop | 1
20943 | desktop | 1
210363 | desktop | 1
210488 | desktop | 1
21128 | desktop | 1
211298 | desktop | 1
211622 | desktop | 1
211873 | desktop | 1
21206 | desktop | 1
2126 | desktop | 1
212720 | desktop | 1
213636 | desktop | 1
214556 | desktop | 1
214942 | desktop | 1
215150 | desktop | 1
215552 | desktop | 1
216036 | desktop | 1
21611 | desktop | 1
21784 | desktop | 1
218410 | desktop | 1
21866 | desktop | 1
21875 | desktop | 1
218948 | desktop | 1
218959 | desktop | 1
219670 | desktop | 1
219790 | desktop | 1
22160 | desktop | 1
22180 | desktop | 1
22228 | desktop | 1
2246 | desktop | 1
225756 | desktop | 1
225865 | desktop | 1
227336 | desktop | 1
230417 | desktop | 1
230432 | desktop | 1
231305 | desktop | 1
232076 | desktop | 1
23309 | desktop | 1
233094 | desktop | 1
233733 | desktop | 1
234600 | desktop | 1
234826 | desktop | 1
235062 | desktop | 1
2356 | desktop | 1
23566 | desktop | 1
235974 | mobile | 1
23740 | desktop | 1
2378 | desktop | 1
238299 | desktop | 1
238467 | mobile | 1
238867 | desktop | 1
23952 | desktop | 1
23960 | desktop | 1
239619 | desktop | 1
239722 | mobile | 1
24 | desktop | 1
241080 | desktop | 1
24177 | desktop | 1
2418 | desktop | 1
241953 | mobile | 1
242478 | desktop | 1
242578 | desktop | 1
242585 | desktop | 1
2426 | desktop | 1
24286 | desktop | 1
24392 | desktop | 1
244546 | desktop | 1
244625 | desktop | 1
244647 | desktop | 1
244674 | desktop | 1
244707 | desktop | 1
24555 | desktop | 1
245749 | desktop | 1
246153 | desktop | 1
24636 | desktop | 1
24646 | desktop | 1
24653 | desktop | 1
24705 | desktop | 1
24738 | desktop | 1
249214 | desktop | 1
249928 | desktop | 1
24999 | desktop | 1
250056 | desktop | 1
250547 | desktop | 1
25260 | desktop | 1
25341 | desktop | 1
253670 | desktop | 1
25395 | desktop | 1
2543 | desktop | 1
254526 | desktop | 1
25479 | desktop | 1
25508 | mobile | 1
255473 | desktop | 1
256706 | desktop | 1
2572 | desktop | 1
25731 | desktop | 1
2584 | desktop | 1
2594 | desktop | 1
25958 | desktop | 1
259623 | desktop | 1
259813 | desktop | 1
259825 | tablet | 1
259876 | desktop | 1
260448 | desktop | 1
260481 | desktop | 1
260558 | desktop | 1
26064 | desktop | 1
260761 | desktop | 1
263946 | desktop | 1
26534 | desktop | 1
265894 | desktop | 1
2660 | desktop | 1
266669 | desktop | 1
267136 | desktop | 1
267227 | desktop | 1
267459 | desktop | 1
26746 | desktop | 1
268138 | desktop | 1
2684 | desktop | 1
270053 | desktop | 1
27170 | desktop | 1
272268 | desktop | 1
273590 | desktop | 1
276190 | desktop | 1
27646 | desktop | 1
27777 | desktop | 1
278225 | desktop | 1
278242 | desktop | 1
278944 | desktop | 1
279312 | desktop | 1
280460 | desktop | 1
28141 | desktop | 1
28207 | desktop | 1
283469 | desktop | 1
283692 | desktop | 1
28383 | desktop | 1
284 | desktop | 1
284023 | desktop | 1
28430 | desktop | 1
28470 | desktop | 1
28576 | desktop | 1
286325 | desktop | 1
286828 | desktop | 1
28778 | desktop | 1
287985 | desktop | 1
288896 | desktop | 1
2892 | desktop | 1
289215 | desktop | 1
289575 | desktop | 1
289656 | desktop | 1
28974 | desktop | 1
29037 | desktop | 1
290404 | desktop | 1
291200 | desktop | 1
29343 | desktop | 1
2956 | desktop | 1
2959 | desktop | 1
296 | desktop | 1
297106 | desktop | 1
2992 | desktop | 1
29927 | desktop | 1
299702 | desktop | 1
299968 | desktop | 1
300000 | desktop | 1
300788 | desktop | 1
302442 | desktop | 1
302613 | desktop | 1
302858 | desktop | 1
303532 | desktop | 1
303702 | desktop | 1
3052 | mobile | 1
305397 | desktop | 1
30540 | desktop | 1
305734 | desktop | 1
30574 | desktop | 1
30598 | desktop | 1
30639 | desktop | 1
30642 | desktop | 1
30756 | desktop | 1
308356 | desktop | 1
308464 | desktop | 1
309180 | desktop | 1
3094 | desktop | 1
30956 | desktop | 1
31008 | desktop | 1
310321 | desktop | 1
310573 | desktop | 1
310977 | desktop | 1
31163 | desktop | 1
31264 | desktop | 1
31288 | mobile | 1
3132 | desktop | 1
313332 | desktop | 1
313556 | desktop | 1
316272 | desktop | 1
31632 | desktop | 1
31795 | desktop | 1
318298 | desktop | 1
31886 | desktop | 1
31939 | desktop | 1
319805 | desktop | 1
319967 | desktop | 1
32057 | mobile | 1
321722 | desktop | 1
32242 | desktop | 1
323749 | desktop | 1
325541 | desktop | 1
32560 | desktop | 1
326097 | desktop | 1
3262 | desktop | 1
32628 | desktop | 1
326724 | desktop | 1
3271 | desktop | 1
327225 | desktop | 1
327472 | desktop | 1
3276 | desktop | 1
327721 | desktop | 1
327750 | desktop | 1
328124 | desktop | 1
328362 | desktop | 1
328652 | desktop | 1
329423 | desktop | 1
330 | desktop | 1
330708 | desktop | 1
332 | desktop | 1
332464 | desktop | 1
3327 | desktop | 1
33311 | desktop | 1
333660 | desktop | 1
334611 | desktop | 1
33552 | mobile | 1
33564 | desktop | 1
336655 | desktop | 1
336730 | desktop | 1
33682 | desktop | 1
338358 | desktop | 1
339334 | desktop | 1
3405 | desktop | 1
34054 | desktop | 1
34056 | desktop | 1
341933 | desktop | 1
342999 | desktop | 1
3452 | desktop | 1
3456 | desktop | 1
34654 | desktop | 1
347339 | desktop | 1
34740 | desktop | 1
348148 | desktop | 1
3494 | desktop | 1
349921 | desktop | 1
349927 | desktop | 1
349946 | desktop | 1
349978 | desktop | 1
349990 | desktop | 1
350000 | desktop | 1
350288 | desktop | 1
352225 | desktop | 1
352424 | desktop | 1
352432 | desktop | 1
35250 | desktop | 1
35490 | desktop | 1
355386 | desktop | 1
355904 | desktop | 1
355928 | desktop | 1
356078 | desktop | 1
35662 | desktop | 1
3587 | desktop | 1
358797 | desktop | 1
36177 | desktop | 1
36185 | desktop | 1
36284 | desktop | 1
3632 | desktop | 1
36323 | desktop | 1
36338 | desktop | 1
3634 | desktop | 1
3645 | desktop | 1
364500 | mobile | 1
36505 | desktop | 1
3664 | desktop | 1
36679 | desktop | 1
36686 | desktop | 1
3680 | desktop | 1
368655 | desktop | 1
369334 | desktop | 1
3696 | mobile | 1
369906 | desktop | 1
37057 | desktop | 1
370739 | desktop | 1
3717 | desktop | 1
3718 | mobile | 1
3721 | desktop | 1
372331 | desktop | 1
37254 | desktop | 1
37260 | desktop | 1
372794 | desktop | 1
3728 | desktop | 1
373598 | desktop | 1
37365 | desktop | 1
37423 | desktop | 1
374600 | desktop | 1
374886 | desktop | 1
375000 | desktop | 1
376232 | desktop | 1
376987 | desktop | 1
37723 | desktop | 1
37744 | desktop | 1
377733 | desktop | 1
378512 | desktop | 1
38074 | desktop | 1
381167 | desktop | 1
38132 | desktop | 1
3828 | desktop | 1
3829 | desktop | 1
383439 | desktop | 1
383779 | desktop | 1
383968 | desktop | 1
38421 | desktop | 1
38435 | desktop | 1
38581 | desktop | 1
3860 | desktop | 1
38610 | desktop | 1
386399 | desktop | 1
388164 | desktop | 1
388681 | desktop | 1
38990 | desktop | 1
39 | desktop | 1
3916 | desktop | 1
392647 | desktop | 1
393300 | desktop | 1
395133 | desktop | 1
39578 | desktop | 1
396315 | desktop | 1
39633 | desktop | 1
397722 | desktop | 1
397924 | desktop | 1
39964 | desktop | 1
39984 | desktop | 1
400176 | mobile | 1
400677 | desktop | 1
4016 | desktop | 1
4020 | desktop | 1
40298 | desktop | 1
40319 | desktop | 1
40351 | desktop | 1
40371 | desktop | 1
40400 | desktop | 1
4054 | desktop | 1
406288 | desktop | 1
40652 | desktop | 1
409655 | desktop | 1
412 | desktop | 1
412045 | mobile | 1
414537 | desktop | 1
414698 | desktop | 1
415584 | desktop | 1
418 | desktop | 1
4180 | desktop | 1
42119 | desktop | 1
422171 | desktop | 1
422414 | desktop | 1
42316 | desktop | 1
424557 | desktop | 1
425250 | desktop | 1
4262 | desktop | 1
4265 | desktop | 1
427440 | desktop | 1
428818 | desktop | 1
430401 | desktop | 1
430776 | desktop | 1
43400 | desktop | 1
435080 | desktop | 1
43558 | desktop | 1
43702 | desktop | 1
43734 | desktop | 1
437784 | desktop | 1
438149 | desktop | 1
439868 | desktop | 1
44006 | desktop | 1
44027 | desktop | 1
442094 | desktop | 1
444 | desktop | 1
44406 | desktop | 1
445841 | desktop | 1
44636 | desktop | 1
4464 | desktop | 1
4475 | desktop | 1
44888 | desktop | 1
44955 | desktop | 1
450054 | desktop | 1
45023 | desktop | 1
4516 | desktop | 1
45166 | desktop | 1
45227 | desktop | 1
4523 | desktop | 1
45281 | desktop | 1
45314 | desktop | 1
45320 | desktop | 1
45370 | desktop | 1
45698 | desktop | 1
458139 | desktop | 1
45818 | desktop | 1
4583 | desktop | 1
4592 | desktop | 1
46015 | desktop | 1
461808 | desktop | 1
4644 | desktop | 1
466 | mobile | 1
4670 | desktop | 1
469032 | desktop | 1
46984 | desktop | 1
470374 | desktop | 1
47103 | desktop | 1
47126 | desktop | 1
471637 | desktop | 1
47225 | desktop | 1
4727 | desktop | 1
472880 | desktop | 1
474572 | desktop | 1
47517 | desktop | 1
476394 | desktop | 1
47796 | desktop | 1
4785 | desktop | 1
479888 | desktop | 1
480575 | desktop | 1
481118 | desktop | 1
483103 | desktop | 1
48664 | desktop | 1
4893 | desktop | 1
489396 | desktop | 1
489462 | desktop | 1
48967 | desktop | 1
490416 | desktop | 1
490518 | desktop | 1
490763 | desktop | 1
49094 | desktop | 1
492 | mobile | 1
49272 | desktop | 1
493987 | desktop | 1
4949 | desktop | 1
497194 | desktop | 1
497816 | desktop | 1
497926 | desktop | 1
49928 | desktop | 1
499295 | desktop | 1
499455 | desktop | 1
499650 | desktop | 1
499854 | desktop | 1
500 | desktop | 1
500605 | desktop | 1
5008 | desktop | 1
50097 | desktop | 1
501049 | desktop | 1
501444 | desktop | 1
504583 | desktop | 1
5056 | desktop | 1
50646 | desktop | 1
5068 | desktop | 1
50756 | desktop | 1
507578 | desktop | 1
511447 | desktop | 1
51145 | desktop | 1
5116 | desktop | 1
511984 | desktop | 1
512 | desktop | 1
51209 | desktop | 1
5126 | desktop | 1
512632 | desktop | 1
513 | desktop | 1
513369 | desktop | 1
513670 | desktop | 1
5138 | desktop | 1
51382 | desktop | 1
513848 | desktop | 1
516418 | desktop | 1
516758 | desktop | 1
51713 | desktop | 1
5184 | desktop | 1
51974 | desktop | 1
52157 | desktop | 1
521816 | desktop | 1
522061 | desktop | 1
52222 | desktop | 1
523168 | desktop | 1
5244 | desktop | 1
52656 | mobile | 1
52667 | desktop | 1
5274 | desktop | 1
5278 | desktop | 1
527849 | desktop | 1
529516 | desktop | 1
53081 | mobile | 1
530813 | desktop | 1
530895 | desktop | 1
53130 | desktop | 1
5326 | desktop | 1
532848 | desktop | 1
53290 | desktop | 1
53394 | desktop | 1
535999 | desktop | 1
53652 | desktop | 1
537752 | desktop | 1
537840 | desktop | 1
541064 | desktop | 1
54159 | desktop | 1
542607 | desktop | 1
542648 | desktop | 1
542859 | desktop | 1
54320 | desktop | 1
553451 | desktop | 1
553861 | desktop | 1
5545 | desktop | 1
55457 | desktop | 1
554779 | desktop | 1
555728 | desktop | 1
555774 | desktop | 1
556102 | desktop | 1
556751 | desktop | 1
559050 | desktop | 1
55918 | desktop | 1
559334 | desktop | 1
560111 | desktop | 1
56143 | desktop | 1
56150 | desktop | 1
56154 | desktop | 1
56155 | desktop | 1
56156 | desktop | 1
56158 | desktop | 1
56162 | desktop | 1
5618 | desktop | 1
56273 | desktop | 1
56292 | desktop | 1
56317 | desktop | 1
56364 | desktop | 1
56382 | desktop | 1
5649 | desktop | 1
56544 | desktop | 1
5658 | desktop | 1
5662 | desktop | 1
56682 | desktop | 1
567915 | desktop | 1
56984 | desktop | 1
570086 | desktop | 1
57319 | desktop | 1
57404 | desktop | 1
5763 | desktop | 1
5767 | desktop | 1
57885 | desktop | 1
578938 | desktop | 1
5826 | desktop | 1
58432 | desktop | 1
58471 | desktop | 1
58495 | desktop | 1
584953 | desktop | 1
585464 | desktop | 1
5859 | desktop | 1
5896 | desktop | 1
589780 | desktop | 1
589900 | desktop | 1
589978 | desktop | 1
589984 | desktop | 1
589988 | desktop | 1
589996 | desktop | 1
591774 | desktop | 1
591988 | desktop | 1
59218 | desktop | 1
592492 | desktop | 1
59286 | desktop | 1
593 | desktop | 1
5939 | desktop | 1
59400 | desktop | 1
594467 | desktop | 1
594482 | desktop | 1
595184 | desktop | 1
597859 | desktop | 1
59954 | desktop | 1
60 | desktop | 1
6002 | desktop | 1
60026 | desktop | 1
600397 | desktop | 1
6012 | desktop | 1
601340 | mobile | 1
60352 | mobile | 1
605416 | desktop | 1
606 | desktop | 1
60684 | desktop | 1
60968 | desktop | 1
613092 | mobile | 1
614680 | mobile | 1
61721 | desktop | 1
617586 | desktop | 1
62112 | desktop | 1
622661 | desktop | 1
62278 | desktop | 1
624002 | desktop | 1
627307 | desktop | 1
62754 | desktop | 1
628452 | desktop | 1
62888 | desktop | 1
6290 | desktop | 1
629350 | desktop | 1
63168 | desktop | 1
632264 | desktop | 1
632694 | desktop | 1
6329 | desktop | 1
632957 | desktop | 1
63486 | desktop | 1
6349 | desktop | 1
636432 | desktop | 1
636814 | mobile | 1
6376 | desktop | 1
637968 | desktop | 1
63963 | desktop | 1
64 | desktop | 1
64016 | desktop | 1
642 | desktop | 1
64200 | desktop | 1
6449 | desktop | 1
6457 | desktop | 1
646347 | desktop | 1
64651 | desktop | 1
64653 | desktop | 1
648 | desktop | 1
651234 | tablet | 1
651428 | desktop | 1
652167 | mobile | 1
65330 | desktop | 1
65368 | desktop | 1
65385 | desktop | 1
659208 | desktop | 1
659950 | desktop | 1
660 | desktop | 1
661509 | desktop | 1
66301 | desktop | 1
66307 | desktop | 1
66341 | desktop | 1
66358 | desktop | 1
664642 | desktop | 1
666081 | desktop | 1
6665 | desktop | 1
667 | desktop | 1
667044 | desktop | 1
669146 | desktop | 1
670870 | desktop | 1
670918 | tablet | 1
672834 | desktop | 1
674363 | desktop | 1
67516 | desktop | 1
67530 | desktop | 1
67538 | desktop | 1
675401 | desktop | 1
67648 | desktop | 1
677547 | desktop | 1
677938 | desktop | 1
67942 | desktop | 1
682099 | desktop | 1
682556 | desktop | 1
684846 | desktop | 1
686019 | desktop | 1
686274 | desktop | 1
68764 | desktop | 1
687960 | desktop | 1
688 | desktop | 1
691356 | desktop | 1
69170 | desktop | 1
69456 | desktop | 1
69457 | mobile | 1
696292 | desktop | 1
696870 | desktop | 1
697 | desktop | 1
6996 | desktop | 1
700104 | desktop | 1
700211 | desktop | 1
706310 | desktop | 1
706690 | desktop | 1
706852 | desktop | 1
708 | desktop | 1
71 | desktop | 1
7114 | desktop | 1
711472 | desktop | 1
71190 | desktop | 1
713014 | desktop | 1
714790 | desktop | 1
714896 | desktop | 1
7152 | desktop | 1
716 | desktop | 1
717111 | desktop | 1
717390 | desktop | 1
71800 | desktop | 1
71992 | desktop | 1
7226 | desktop | 1
7237 | desktop | 1
72378 | desktop | 1
724 | desktop | 1
72746 | desktop | 1
728 | desktop | 1
72918 | desktop | 1
72963 | desktop | 1
73022 | desktop | 1
73055 | desktop | 1
731678 | desktop | 1
732701 | desktop | 1
733245 | desktop | 1
734581 | desktop | 1
734802 | desktop | 1
735401 | desktop | 1
73718 | desktop | 1
738314 | desktop | 1
74018 | desktop | 1
744 | desktop | 1
744144 | desktop | 1
74539 | desktop | 1
745593 | desktop | 1
7477 | desktop | 1
74835 | desktop | 1
748838 | desktop | 1
7491 | desktop | 1
749931 | desktop | 1
75130 | desktop | 1
752 | desktop | 1
7551 | desktop | 1
75606 | desktop | 1
75828 | desktop | 1
759491 | desktop | 1
759720 | desktop | 1
760 | desktop | 1
76001 | desktop | 1
7608 | desktop | 1
76148 | desktop | 1
76198 | desktop | 1
762414 | desktop | 1
76291 | desktop | 1
763984 | desktop | 1
764529 | desktop | 1
764531 | desktop | 1
76484 | desktop | 1
765771 | desktop | 1
7670 | desktop | 1
767718 | desktop | 1
76808 | desktop | 1
7702 | desktop | 1
770433 | mobile | 1
77064 | desktop | 1
77185 | desktop | 1
77196 | desktop | 1
7731 | desktop | 1
77471 | desktop | 1
77490 | desktop | 1
77502 | desktop | 1
775460 | mobile | 1
77593 | desktop | 1
77682 | desktop | 1
77713 | desktop | 1
779 | desktop | 1
78212 | desktop | 1
78294 | desktop | 1
7838 | desktop | 1
783847 | desktop | 1
785215 | desktop | 1
78641 | desktop | 1
7873 | desktop | 1
789477 | desktop | 1
793 | desktop | 1
7942 | desktop | 1
795236 | desktop | 1
797018 | desktop | 1
79722 | desktop | 1
7984 | desktop | 1
80101 | desktop | 1
80110 | desktop | 1
80132 | desktop | 1
801611 | desktop | 1
8019 | desktop | 1
802124 | desktop | 1
80309 | desktop | 1
80462 | desktop | 1
80504 | desktop | 1
80613 | desktop | 1
807580 | desktop | 1
808014 | desktop | 1
808284 | desktop | 1
810513 | desktop | 1
811226 | desktop | 1
811300 | desktop | 1
814135 | desktop | 1
81421 | desktop | 1
81629 | desktop | 1
81766 | desktop | 1
8183 | desktop | 1
8192 | mobile | 1
820469 | desktop | 1
82105 | desktop | 1
82175 | desktop | 1
82319 | desktop | 1
823381 | desktop | 1
82461 | desktop | 1
82535 | desktop | 1
82924 | desktop | 1
82962 | desktop | 1
83117 | desktop | 1
83250 | desktop | 1
83366 | desktop | 1
83568 | desktop | 1
83698 | desktop | 1
84309 | desktop | 1
84312 | desktop | 1
843582 | desktop | 1
846058 | desktop | 1
849958 | desktop | 1
850234 | desktop | 1
8518 | desktop | 1
854850 | desktop | 1
85489 | desktop | 1
855011 | desktop | 1
86030 | desktop | 1
860323 | desktop | 1
860544 | desktop | 1
86082 | desktop | 1
86262 | desktop | 1
86325 | desktop | 1
864 | desktop | 1
86413 | desktop | 1
867326 | desktop | 1
867537 | desktop | 1
867541 | desktop | 1
86786 | desktop | 1
86865 | desktop | 1
8695 | desktop | 1
86958 | desktop | 1
869710 | desktop | 1
869864 | desktop | 1
8748 | desktop | 1
874895 | desktop | 1
876725 | desktop | 1
87857 | desktop | 1
879474 | desktop | 1
881796 | desktop | 1
882 | desktop | 1
8820 | desktop | 1
883004 | desktop | 1
88420 | desktop | 1
884862 | desktop | 1
8872 | desktop | 1
88786 | desktop | 1
89174 | desktop | 1
89344 | desktop | 1
8980 | desktop | 1
900086 | desktop | 1
900270 | desktop | 1
900420 | desktop | 1
90064 | desktop | 1
901040 | desktop | 1
9014 | desktop | 1
903852 | mobile | 1
906574 | desktop | 1
907016 | desktop | 1
907896 | desktop | 1
90851 | desktop | 1
908536 | desktop | 1
908542 | desktop | 1
90895 | desktop | 1
90916 | desktop | 1
912035 | desktop | 1
912686 | desktop | 1
913610 | desktop | 1
917556 | desktop | 1
917970 | desktop | 1
91834 | desktop | 1
9190 | desktop | 1
919846 | desktop | 1
920244 | desktop | 1
92194 | desktop | 1
922476 | desktop | 1
922488 | desktop | 1
923380 | desktop | 1
9238 | desktop | 1
923955 | desktop | 1
924666 | desktop | 1
927994 | desktop | 1
928 | desktop | 1
9282 | desktop | 1
928232 | desktop | 1
9288 | desktop | 1
92988 | desktop | 1
93 | desktop | 1
930382 | desktop | 1
93040 | desktop | 1
930677 | desktop | 1
934 | desktop | 1
93540 | desktop | 1
9366 | desktop | 1
9370 | desktop | 1
937139 | desktop | 1
937401 | desktop | 1
9378 | desktop | 1
937906 | desktop | 1
9394 | desktop | 1
939956 | desktop | 1
9411 | desktop | 1
94280 | desktop | 1
943445 | desktop | 1
944503 | desktop | 1
9453 | desktop | 1
945691 | desktop | 1
9458 | desktop | 1
94583 | desktop | 1
94594 | desktop | 1
947628 | desktop | 1
947938 | desktop | 1
948093 | desktop | 1
95150 | desktop | 1
952127 | desktop | 1
95318 | desktop | 1
956 | desktop | 1
95760 | desktop | 1
957986 | desktop | 1
959881 | desktop | 1
961410 | desktop | 1
96432 | desktop | 1
965346 | desktop | 1
969336 | mobile | 1
9695 | desktop | 1
969642 | desktop | 1
97270 | desktop | 1
976330 | desktop | 1
97815 | desktop | 1
978526 | desktop | 1
97968 | desktop | 1
980082 | desktop | 1
98023 | desktop | 1
981799 | desktop | 1
984730 | desktop | 1
98525 | desktop | 1
985796 | desktop | 1
988236 | desktop | 1
992790 | desktop | 1
995230 | desktop | 1
995631 | desktop | 1
998922 | desktop | 1
998970 | desktop | 1
999717 | desktop | 1
999880 | desktop | 1
999920 | desktop | 1
999978 | desktop | 1
999983 | desktop | 1
999996 | desktop | 1
(2107 rows)
